# Copyright (c) 2026 Huawei Device Co., Ltd.
# Licensed under the Apache License, Version 2.0 (the "License");
# you may not use this file except in compliance with the License.
# You may obtain a copy of the License at
#
# http://www.apache.org/licenses/LICENSE-2.0
#
# Unless required by applicable law or agreed to in writing, software
# distributed under the License is distributed on an "AS IS" BASIS,
# WITHOUT WARRANTIES OR CONDITIONS OF ANY KIND, either express or implied.
# See the License for the specific language governing permissions and
# limitations under the License.

{
  global:
    SelinuxHilog;
    SetSelinuxHilogLevel;
    _Z10CreateJsonv;
    _Z12AddObjToJsonP5cJSONRKNSt3__h12basic_stringIcNS1_11char_traitsIcEENS1_9allocatorIcEEEEPKS_;
    _Z12AddObjToJsonRNSt3__h10unique_ptrI5cJSONNS_8functionIFvPS1_EEEEERKNS_12basic_stringIcNS_11char_traitsIcEENS_9allocatorIcEEEES7_;
    _Z13AddBoolToJsonP5cJSONRKNSt3__h12basic_stringIcNS1_11char_traitsIcEENS1_9allocatorIcEEEEb;
    _Z13AddBoolToJsonRNSt3__h10unique_ptrI5cJSONNS_8functionIFvPS1_EEEEERKNS_12basic_stringIcNS_11char_traitsIcEENS_9allocatorIcEEEEb;
    _Z13AddObjToArrayP5cJSONS0_;
    _Z13AddObjToArrayRNSt3__h10unique_ptrI5cJSONNS_8functionIFvPS1_EEEEES7_;
    _Z14FreeJsonStringPc;
    _Z15AddStringToJsonP5cJSONRKNSt3__h12basic_stringIcNS1_11char_traitsIcEENS1_9allocatorIcEEEES9_;
    _Z15AddStringToJsonRNSt3__h10unique_ptrI5cJSONNS_8functionIFvPS1_EEEEERKNS_12basic_stringIcNS_11char_traitsIcEENS_9allocatorIcEEEESF_;
    _Z15CreateJsonArrayv;
    _Z15GetBoolFromJsonPK5cJSONRKNSt3__h12basic_stringIcNS2_11char_traitsIcEENS2_9allocatorIcEEEERb;
    _Z15GetBoolFromJsonRKNSt3__h10unique_ptrI5cJSONNS_8functionIFvPS1_EEEEERKNS_12basic_stringIcNS_11char_traitsIcEENS_9allocatorIcEEEERb;
    _Z15ReadRefreshInfoR11RefreshInfoRNSt3__h6vectorINS1_12basic_stringIcNS1_11char_traitsIcEENS1_9allocatorIcEEEENS6_IS8_EEEE;
    _Z16GetArrayFromJsonPK5cJSONRKNSt3__h12basic_stringIcNS2_11char_traitsIcEENS2_9allocatorIcEEEE;
    _Z16GetArrayFromJsonRNSt3__h10unique_ptrI5cJSONNS_8functionIFvPS1_EEEEERKNS_12basic_stringIcNS_11char_traitsIcEENS_9allocatorIcEEEE;
    _Z16PackJsonToStringPK5cJSON;
    _Z16PackJsonToStringRKNSt3__h10unique_ptrI5cJSONNS_8functionIFvPS1_EEEEE;
    _Z16WriteRefreshInfoR11RefreshInfo;
    _Z17DeleteRefreshInfoRKNSt3__h12basic_stringIcNS_11char_traitsIcEENS_9allocatorIcEEEEj;
    _Z17GetStringFromJsonPK5cJSONRKNSt3__h12basic_stringIcNS2_11char_traitsIcEENS2_9allocatorIcEEEERS8_;
    _Z20AddUnsignedIntToJsonP5cJSONRKNSt3__h12basic_stringIcNS1_11char_traitsIcEENS1_9allocatorIcEEEEj;
    _Z20AddUnsignedIntToJsonRNSt3__h10unique_ptrI5cJSONNS_8functionIFvPS1_EEEEERKNS_12basic_stringIcNS_11char_traitsIcEENS_9allocatorIcEEEEj;
    _Z20CreateJsonFromStringRKNSt3__h12basic_stringIcNS_11char_traitsIcEENS_9allocatorIcEEEE;
    _Z20HapContextLoadConfigv;
    _Z22GetUnsignedIntFromJsonPK5cJSONRKNSt3__h12basic_stringIcNS2_11char_traitsIcEENS2_9allocatorIcEEEERj;
    _Z22GetUnsignedIntFromJsonRKNSt3__h10unique_ptrI5cJSONNS_8functionIFvPS1_EEEEERKNS_12basic_stringIcNS_11char_traitsIcEENS_9allocatorIcEEEERj;
    _Z8FreeJsonP5cJSON;
    _ZN10HapContext12GetSecontextER11HapFileInfoRKNSt3__h12basic_stringIcNS2_11char_traitsIcEENS2_9allocatorIcEEEEPPcSC_;
    _ZN10HapContext12RestoreconSbERKNSt3__h12basic_stringIcNS0_11char_traitsIcEENS0_9allocatorIcEEEER11HapFileInfo;
    _ZN10HapContext14HapLabelLookupERK16HapContextParamsPPc;
    _ZN10HapContext17HapFileRestoreconER11HapFileInfo;
    _ZN10HapContext17HapFileRestoreconERKNSt3__h12basic_stringIcNS0_11char_traitsIcEENS0_9allocatorIcEEEER11HapFileInfo;
    _ZN10HapContext19HapDomainSetcontextER13HapDomainInfo;
    _ZN10HapContext24HapFileRecurseRestoreconERKNSt3__h12basic_stringIcNS0_11char_traitsIcEENS0_9allocatorIcEEEER11HapFileInfo;
    _ZN10HapContextC1Ev;
    _ZN10HapContextC2Ev;
    _ZN10HapContextD1Ev;
    _ZN10HapContextD2Ev;
    _ZN12NodeTypeInfo6InsertERK20SehapInsertParamInfo;
    _ZN17SehapContextsTrie11SplitStringERKNSt3__h12basic_stringIcNS0_11char_traitsIcEENS0_9allocatorIcEEEE;
    _ZN17SehapContextsTrie5ClearEv;
    _ZN17SehapContextsTrie6InsertERKNSt3__h12basic_stringIcNS0_11char_traitsIcEENS0_9allocatorIcEEEERK20SehapInsertParamInfo;
    _ZN17SehapContextsTrie6SearchERKNSt3__h12basic_stringIcNS0_11char_traitsIcEENS0_9allocatorIcEEEEbS8_;
    _ZN17SehapContextsTrie9FindChildERKNSt3__h12basic_stringIcNS0_11char_traitsIcEENS0_9allocatorIcEEEE;
    _ZN21HapFileRestoreContext11GetInstanceEv;
    _ZN21HapFileRestoreContext14StopSetFileConERK11HapFileInfo10StopReasonRKNSt3__h12basic_stringIcNS4_11char_traitsIcEENS4_9allocatorIcEEEE;
    _ZN21HapFileRestoreContext15InitRestoreTaskERNSt3__h10shared_ptrIN7Selinux11RestoreTaskEEERK11HapFileInfo;
    _ZN21HapFileRestoreContext15IsAppdatContextERK11HapFileInfo;
    _ZN21HapFileRestoreContext15SetFileConForceERK11HapFileInfojR10ResultInfo;
    _ZN21HapFileRestoreContext17FinishRestoreTaskERK11HapFileInfoR10ResultInfo;
    _ZN21HapFileRestoreContext18ProcessRestorePathENSt3__h10shared_ptrIN7Selinux11RestoreTaskEEERKNS0_12basic_stringIcNS0_11char_traitsIcEENS0_9allocatorIcEEEERK11HapFileInfo;
    _ZN21HapFileRestoreContextC1Ev;
    _ZN21HapFileRestoreContextC2Ev;
    _ZN21HapFileRestoreContextD1Ev;
    _ZN21HapFileRestoreContextD2Ev;
    _ZN7Selinux11RestoreTask10IsStoppingEv;
    _ZN7Selinux11RestoreTask11GetProgressERjRNSt3__h6vectorINS2_12basic_stringIcNS2_11char_traitsIcEENS2_9allocatorIcEEEENS7_IS9_EEEE;
    _ZN7Selinux11RestoreTask13GetShouldSaveEv;
    _ZN7Selinux11RestoreTask13GetStopReasonERNSt3__h12basic_stringIcNS1_11char_traitsIcEENS1_9allocatorIcEEEE;
    _ZN7Selinux11RestoreTask13IsInterruptedEv;
    _ZN7Selinux11RestoreTask14SetInterruptedEv;
    _ZN7Selinux11RestoreTask15GetRestorePathsERNSt3__h6vectorINS1_12basic_stringIcNS1_11char_traitsIcEENS1_9allocatorIcEEEENS6_IS8_EEEE;
    _ZN7Selinux11RestoreTask16RestoreTraversalENSt3__h10shared_ptrI8PathInfoEERjS5_;
    _ZN7Selinux11RestoreTask16RestoreTraversalERKNSt3__h12basic_stringIcNS1_11char_traitsIcEENS1_9allocatorIcEEEE;
    _ZN7Selinux11RestoreTask9TryToStopE10StopReasonRKNSt3__h12basic_stringIcNS2_11char_traitsIcEENS2_9allocatorIcEEEEb;
    _ZN7Selinux11RestoreTaskC1ENSt3__h12basic_stringIcNS1_11char_traitsIcEENS1_9allocatorIcEEEEj;
    _ZN7Selinux11RestoreTaskC2ENSt3__h12basic_stringIcNS1_11char_traitsIcEENS1_9allocatorIcEEEEj;
    _ZN7Selinux13AnonymizePathERKNSt3__h12basic_stringIcNS0_11char_traitsIcEENS0_9allocatorIcEEEE;
    _ZN7Selinux13CompareFtsEntEPKPK7_ftsentS4_;
    _ZN7Selinux15CheckCurrenPathERKNSt3__h12basic_stringIcNS0_11char_traitsIcEENS0_9allocatorIcEEEES8_Rb;
    _ZN7Selinux17AnonymizePathListERKNSt3__h6vectorINS0_12basic_stringIcNS0_11char_traitsIcEENS0_9allocatorIcEEEENS5_IS7_EEEE;
    _ZN7Selinux17InheritExternInfoEPKcS1_PPc;
    _ZN7Selinux25ReportSeharmonyRestoreErrERKNSt3__h12basic_stringIcNS0_11char_traitsIcEENS0_9allocatorIcEEEEiiS8_;
    _ZN7Selinux34ReportSeharmonyHapFileRestoreStartERK11HapFileInfoj;
    _ZN7Selinux35ReportSeharmonyHapFileRestoreFinishERK11HapFileInfoRKNS_17RestoreFinishInfoE;
    _ZN7Selinux9GetErrStrEi;
    _ZNK12NodeTypeInfo6SearchEbRKNSt3__h12basic_stringIcNS0_11char_traitsIcEENS0_9allocatorIcEEEE;
    _ZNKSt3__h15basic_stringbufIcNS_11char_traitsIcEENS_9allocatorIcEEE3strEv;
    _ZNSt3__h13basic_filebufIcNS_11char_traitsIcEEE4syncEv;
    _ZNSt3__h13basic_filebufIcNS_11char_traitsIcEEE5imbueERKNS_6localeE;
    _ZNSt3__h13basic_filebufIcNS_11char_traitsIcEEE6setbufEPc[il];
    _ZNSt3__h13basic_filebufIcNS_11char_traitsIcEEE7seekoffExNS_8ios_base7seekdirEj;
    _ZNSt3__h13basic_filebufIcNS_11char_traitsIcEEE7seekposENS_4fposI11__mbstate_tEEj;
    _ZNSt3__h13basic_filebufIcNS_11char_traitsIcEEE8overflowEi;
    _ZNSt3__h13basic_filebufIcNS_11char_traitsIcEEE9pbackfailEi;
    _ZNSt3__h13basic_filebufIcNS_11char_traitsIcEEE9underflowEv;
    _ZNSt3__h13basic_filebufIcNS_11char_traitsIcEEEC2Ev;
    _ZNSt3__h13basic_filebufIcNS_11char_traitsIcEEED0Ev;
    _ZNSt3__h13basic_filebufIcNS_11char_traitsIcEEED2Ev;
    _ZNSt3__h15basic_stringbufIcNS_11char_traitsIcEENS_9allocatorIcEEE3strERKNS_12basic_stringIcS2_S4_EE;
    _ZNSt3__h15basic_stringbufIcNS_11char_traitsIcEENS_9allocatorIcEEE7seekoffExNS_8ios_base7seekdirEj;
    _ZNSt3__h15basic_stringbufIcNS_11char_traitsIcEENS_9allocatorIcEEE8overflowEi;
    _ZNSt3__h15basic_stringbufIcNS_11char_traitsIcEENS_9allocatorIcEEE9pbackfailEi;
    _ZNSt3__h15basic_stringbufIcNS_11char_traitsIcEENS_9allocatorIcEEE9underflowEv;
    _ZTCNSt3__h14basic_ifstreamIcNS_11char_traitsIcEEEE0_NS_13basic_istreamIcS2_EE;
    _ZTCNSt3__h14basic_ofstreamIcNS_11char_traitsIcEEEE0_NS_13basic_ostreamIcS2_EE;
    _ZTCNSt3__h18basic_stringstreamIcNS_11char_traitsIcEENS_9allocatorIcEEEE0_NS_13basic_istreamIcS2_EE;
    _ZTCNSt3__h18basic_stringstreamIcNS_11char_traitsIcEENS_9allocatorIcEEEE0_NS_14basic_iostreamIcS2_EE;
    _ZTCNSt3__h18basic_stringstreamIcNS_11char_traitsIcEENS_9allocatorIcEEEE8_NS_13basic_ostreamIcS2_EE;
    _ZTCNSt3__h18basic_stringstreamIcNS_11char_traitsIcEENS_9allocatorIcEEEE16_NS_13basic_ostreamIcS2_EE;
    _ZTTNSt3__h14basic_ifstreamIcNS_11char_traitsIcEEEE;
    _ZTTNSt3__h14basic_ofstreamIcNS_11char_traitsIcEEEE;
    _ZTTNSt3__h18basic_stringstreamIcNS_11char_traitsIcEENS_9allocatorIcEEEE;
    _ZTVN4OHOS9HiviewDFX7Encoded18StringEncodedParamE;
    _ZTVN4OHOS9HiviewDFX7Encoded23StringEncodedArrayParamE;
    _ZTVN4OHOS9HiviewDFX7Encoded24SignedVarintEncodedParamIbLPv0EEE;
    _ZTVN4OHOS9HiviewDFX7Encoded24SignedVarintEncodedParamIiLPv0EEE;
    _ZTVN4OHOS9HiviewDFX7Encoded29SignedVarintEncodedArrayParamIbLPv0EEE;
    _ZTVNSt3__h10__back_refIcEE;
    _ZTVNSt3__h10__function6__funcIPFvP5cJSONENS_9allocatorIS5_EES4_EE;
    _ZTVNSt3__h11__alternateIcEE;
    _ZTVNSt3__h11__end_stateIcEE;
    _ZTVNSt3__h11__lookaheadIcNS_12regex_traitsIcEEEE;
    _ZTVNSt3__h11__match_anyIcEE;
    _ZTVNSt3__h12__match_charIcEE;
    _ZTVNSt3__h13__empty_stateIcEE;
    _ZTVNSt3__h13basic_filebufIcNS_11char_traitsIcEEEE;
    _ZTVNSt3__h14basic_ifstreamIcNS_11char_traitsIcEEEE;
    _ZTVNSt3__h14basic_ofstreamIcNS_11char_traitsIcEEEE;
    _ZTVNSt3__h15__word_boundaryIcNS_12regex_traitsIcEEEE;
    _ZTVNSt3__h15basic_stringbufIcNS_11char_traitsIcEENS_9allocatorIcEEEE;
    _ZTVNSt3__h16__back_ref_icaseIcNS_12regex_traitsIcEEEE;
    _ZTVNSt3__h16__owns_one_stateIcEE;
    _ZTVNSt3__h17__owns_two_statesIcEE;
    _ZTVNSt3__h17__repeat_one_loopIcEE;
    _ZTVNSt3__h18__back_ref_collateIcNS_12regex_traitsIcEEEE;
    _ZTVNSt3__h18__match_char_icaseIcNS_12regex_traitsIcEEEE;
    _ZTVNSt3__h18basic_stringstreamIcNS_11char_traitsIcEENS_9allocatorIcEEEE;
    _ZTVNSt3__h20__bracket_expressionIcNS_12regex_traitsIcEEEE;
    _ZTVNSt3__h20__l_anchor_multilineIcEE;
    _ZTVNSt3__h20__match_char_collateIcNS_12regex_traitsIcEEEE;
    _ZTVNSt3__h20__r_anchor_multilineIcEE;
    _ZTVNSt3__h20__shared_ptr_emplaceI8PathInfoNS_9allocatorIS1_EEEE;
    _ZTVNSt3__h20__shared_ptr_emplaceIN4OHOS9HiviewDFX7Encoded18StringEncodedParamENS_9allocatorIS4_EEEE;
    _ZTVNSt3__h20__shared_ptr_emplaceIN4OHOS9HiviewDFX7Encoded23StringEncodedArrayParamENS_9allocatorIS4_EEEE;
    _ZTVNSt3__h20__shared_ptr_emplaceIN4OHOS9HiviewDFX7Encoded24SignedVarintEncodedParamIbLPv0EEENS_9allocatorIS6_EEEE;
    _ZTVNSt3__h20__shared_ptr_emplaceIN4OHOS9HiviewDFX7Encoded24SignedVarintEncodedParamIiLPv0EEENS_9allocatorIS6_EEEE;
    _ZTVNSt3__h20__shared_ptr_emplaceIN4OHOS9HiviewDFX7Encoded29SignedVarintEncodedArrayParamIbLPv0EEENS_9allocatorIS6_EEEE;
    _ZTVNSt3__h20__shared_ptr_emplaceIN7Selinux11RestoreTaskENS_9allocatorIS2_EEEE;
    _ZTVNSt3__h20__shared_ptr_pointerIPNS_13__empty_stateIcEENS_10shared_ptrIS2_E27__shared_ptr_default_deleteIS2_S2_EENS_9allocatorIS2_EEEE;
    _ZTVNSt3__h21__empty_non_own_stateIcEE;
    _ZTVNSt3__h23__match_any_but_newlineIcEE;
    _ZTVNSt3__h26__end_marked_subexpressionIcEE;
    _ZTVNSt3__h28__begin_marked_subexpressionIcEE;
    _ZTVNSt3__h6__loopIcEE;
  local:
    *;
};
